C:\Users\john\Desktop\Twiiter Sentiment Analysis\Twitter by Python\2015_11_24_Python\TF-IDF_3_DATA_Unigram.py
C:\Users\john\Desktop\Twiiter Sentiment Analysis\Twitter by Python\2015_11_24_Python\TF_3_DATA_Unigram.py
C:\Users\john\Desktop\Twiiter Sentiment Analysis\Twitter by Python\2015_11_24_Python\TF_3_DATA_bigram.py
C:\Users\john\Desktop\Twiiter Sentiment Analysis\Twitter by Python\2015_11_24_Python\testMatrix.py
C:\Users\john\Desktop\Twiiter Sentiment Analysis\Twitter by Python\2015_11_24_Python\3_Class_TF-IDF_3_DATA_Unigram.py
C:\Users\john\Desktop\Twiiter Sentiment Analysis\Twitter by Python\2015_11_24_Python\3_Class_TF_3_DATA_Unigram.py
C:\Users\john\Desktop\Twiiter Sentiment Analysis\Twitter by Python\2015_11_24_Python\TF-IDF-Chi2_unigram_bigram.py
C:\Users\john\Desktop\Twiiter Sentiment Analysis\Twitter by Python\2015_11_24_Python\TF-IDF_3_DATA_Bigrams.py
C:\Users\john\Desktop\Twiiter Sentiment Analysis\Twitter by Python\2015_11_24_Python\Chi-square-score.py
C:\Users\john\Desktop\Twiiter Sentiment Analysis\Twitter by Python\2015_11_24_Python\TF-CTF-Chi2_unigram_bigram.py
C:\Users\john\Desktop\1.py
